Loading user config located at: 'e:/wheel_leg_rl-main/wheelleg_dreamwaq/.venv/lib/site-packages/isaacsim/kit/data/Kit/Isaac-Sim/5.1/user.config.json'
[Info] [carb] Logging to file: e:/wheel_leg_rl-main/wheelleg_dreamwaq/.venv/lib/site-packages/isaacsim/kit/logs/Kit/Isaac-Sim/5.1/kit_20261004_015932.log
[0.113s] [ext: omni.kit.async_engine-0.0.3] startup
[0.221s] [ext: omni.metrics.core-0.0.3] startup
[0.222s] [ext: omni.client.lib-1.1.0] startup
[0.233s] [ext: omni.blobkey-1.1.2] startup
[0.234s] [ext: omni.stats-1.0.1] startup
[0.235s] [ext: omni.datastore-0.0.0] startup
[0.237s] [ext: omni.client-1.3.0] startup
[0.242s] [ext: omni.ujitso.default-1.0.0] startup
[0.244s] [ext: omni.hsscclient-1.1.2] startup
[0.254s] [ext: omni.gpu_foundation.shadercache.vulkan-1.0.0] startup
[0.257s] [ext: omni.assets.plugins-0.0.0] startup
[0.260s] [ext: omni.gpu_foundation-0.0.0] startup
[0.272s] [ext: carb.windowing.plugins-1.0.0] startup
[0.331s] [ext: omni.kit.renderer.init-0.0.0] startup
[0.332s] [ext: omni.materialx.libs-1.0.7] startup
[0.359s] [ext: omni.kit.loop-isaac-1.3.7] startup
[0.361s] [ext: omni.kit.test-2.0.1] startup
[0.414s] [ext: omni.kit.pipapi-0.0.0] startup
[0.414s] [ext: omni.usd.config-1.0.6] startup
[0.423s] [ext: omni.gpucompute.plugins-0.0.0] startup
[0.424s] [ext: omni.usd.libs-1.0.1] startup
[0.474s] [ext: omni.kit.pip_archive-0.0.0] startup
[0.475s] [ext: omni.mdl-56.0.3] startup
[0.492s] [ext: omni.iray.libs-0.0.0] startup
[0.530s] [ext: omni.mdl.neuraylib-0.2.12] startup
[0.535s] [ext: omni.kit.usd.mdl-1.1.5] startup
[0.626s] [ext: omni.kit.telemetry-0.5.2] startup
[0.638s] [ext: omni.appwindow-1.1.10] startup
[0.660s] [ext: omni.kit.renderer.core-1.1.0] startup
[0.664s] [ext: omni.kit.renderer.capture-0.0.0] startup
[0.667s] [ext: omni.kit.renderer.imgui-2.0.5] startup
[0.675s] [ext: omni.ui-2.27.1] startup
[0.686s] [ext: omni.kit.mainwindow-1.0.3] startup
[0.688s] [ext: carb.audio-0.1.0] startup
[0.689s] [ext: omni.uiaudio-1.0.0] startup
[0.690s] [ext: omni.kit.uiapp-0.0.0] startup
[0.690s] [ext: omni.usd.schema.metrics.assembler-107.3.1] startup
[0.697s] [ext: omni.usd.schema.audio-0.0.0] startup
[0.704s] [ext: omni.usd_resolver-1.0.0] startup
[0.709s] [ext: omni.usd.core-1.5.3] startup
[0.710s] [ext: omni.usd.schema.render_settings.rtx-0.0.0] startup

|---------------------------------------------------------------------------------------------|
| Driver Version: 581.80        | Graphics API: Vulkan
|=============================================================================================|
| GPU | Name                             | Active | LDA | GPU Memory | Vendor-ID | LUID       |
|     |                                  |        |     |            | Device-ID | UUID       |
|     |                                  |        |     |            | Bus-ID    |            |
|---------------------------------------------------------------------------------------------|
| 0   | NVIDIA GeForce RTX 5070          | Yes: 0 |     | 11854   MB | 10de      | 46180100.. |
|     |                                  |        |     |            | 2f04      | 9ecca3c1.. |
|     |                                  |        |     |            | 1         |            |
|=============================================================================================|
| OS: Windows 10 Pro, Version: 10.0 (22H2), Build: 19045, Kernel: 10.0.19041.6456
| Processor: Intel(R) Core(TM) i5-14600KF
| Cores: 14 | Logical Cores: 20
|---------------------------------------------------------------------------------------------|
| Total Memory (MB): 32581 | Free Memory: 9349
| Total Page/Swap (MB): 65162 | Free Page/Swap: 15706
|---------------------------------------------------------------------------------------------|
[0.730s] [ext: omni.usd.schema.semantics-0.0.0] startup
[0.733s] [ext: omni.usd.schema.geospatial-0.0.0] startup
[0.737s] [ext: omni.usd.schema.anim-0.0.0] startup
[0.757s] [ext: omni.usd.schema.omni_lens_distortion-0.0.0] startup
[0.759s] [ext: isaacsim.robot.schema-3.6.0] startup
[0.768s] [ext: omni.usd.schema.omnigraph-1.0.0] startup
[0.775s] [ext: omni.usd.schema.physx-107.3.26] startup
[0.797s] [ext: omni.usd.schema.omni_sensors-0.0.0] startup
[0.798s] [ext: omni.usd.schema.omniscripting-1.0.0] startup
[0.803s] [ext: omni.graph.exec-0.9.6] startup
[0.804s] [ext: omni.kit.actions.core-1.0.0] startup
[0.807s] [ext: omni.kit.usd_undo-0.1.8] startup
[0.807s] [ext: omni.kit.exec.core-0.13.4] startup
[0.810s] [ext: omni.kit.commands-1.4.10] startup
[0.815s] [ext: omni.kit.window.popup_dialog-2.0.24] startup
[0.819s] [ext: omni.activity.core-1.0.3] startup
[0.821s] [ext: omni.resourcemonitor-107.0.1] startup
[0.823s] [ext: omni.timeline-1.0.14] startup
[0.825s] [ext: omni.kit.widget.nucleus_connector-2.0.1] startup
[0.828s] [ext: usdrt.scenegraph-7.6.1] startup
[0.867s] [ext: omni.kit.audiodeviceenum-1.0.2] startup
[0.869s] [ext: omni.hydra.usdrt_delegate-7.5.1] startup
[0.875s] [ext: omni.hydra.scene_delegate-0.3.4] startup
[0.877s] [ext: omni.usd-1.13.10] startup
[0.901s] [ext: omni.kit.asset_converter-5.0.17] startup
[0.908s] [ext: omni.index.libs-380600.8087.0] startup
[0.908s] [ext: omni.volume-0.5.2] startup
[0.913s] [ext: omni.ujitso.client-0.0.0] startup
[0.913s] [ext: omni.index-1.0.1] startup
[0.914s] [ext: omni.hydra.rtx.shadercache.vulkan-1.0.0] startup
[0.916s] [ext: omni.hydra.rtx-1.0.0] startup
[0.936s] [ext: omni.kit.notification_manager-1.0.10] startup
[0.939s] [ext: omni.kit.clipboard-1.0.5] startup
[0.940s] [ext: omni.kit.viewport.legacy_gizmos-1.0.19] startup
[0.941s] [ext: omni.kit.raycast.query-1.1.0] startup
[0.944s] [ext: omni.kit.menu.core-1.1.2] startup
[0.944s] [ext: omni.kit.widget.options_menu-1.1.6] startup
[0.948s] [ext: omni.kit.helper.file_utils-0.1.9] startup
[0.950s] [ext: omni.kit.widget.path_field-2.0.11] startup
[0.951s] [ext: omni.kit.widget.context_menu-1.2.5] startup
[0.952s] [ext: omni.kit.widget.options_button-1.0.3] startup
[0.953s] [ext: omni.kit.widget.filebrowser-2.12.3] startup
[0.958s] [ext: omni.kit.widget.browser_bar-2.0.10] startup
[0.959s] [ext: omni.kit.usd.layers-2.2.11] startup
[0.967s] [ext: omni.ui.scene-1.11.5] startup
[0.970s] [ext: omni.kit.viewport.registry-104.0.6] startup
[0.971s] [ext: omni.kit.window.filepicker-2.13.4] startup
[0.989s] [ext: omni.kit.menu.utils-2.0.5] startup
[0.996s] [ext: omni.kit.context_menu-1.8.6] startup
[0.999s] [ext: omni.kit.viewport.scene_camera_model-1.0.6] startup
[1.000s] [ext: omni.kit.hydra_texture-1.4.6] startup
[1.002s] [ext: omni.kit.window.file_importer-1.1.18] startup
[1.006s] [ext: omni.kit.widget.searchable_combobox-1.0.6] startup
[1.008s] [ext: omni.kit.window.drop_support-1.0.5] startup
[1.009s] [ext: omni.kit.widget.viewport-107.1.3] startup
[1.014s] [ext: omni.kit.material.library-2.0.7] startup
[1.019s] [ext: omni.hydra.engine.stats-1.0.3] startup
[1.020s] [ext: omni.kit.widget.settings-1.2.6] startup
[1.022s] [ext: omni.kit.viewport.window-107.2.0] startup
[1.241s] [ext: omni.kit.window.preferences-1.8.0] startup
[1.247s] [ext: omni.kit.widget.toolbar-2.0.1] startup
[1.254s] [ext: omni.kit.viewport.utility-1.1.2] startup
[1.254s] [ext: omni.kit.manipulator.transform-107.0.0] startup
[1.260s] [ext: omni.kit.manipulator.tool.snap-1.5.13] startup
[1.265s] [ext: omni.kit.manipulator.selector-1.1.3] startup
[1.266s] [ext: omni.kit.property.adapter.core-1.0.2] startup
[1.269s] [ext: omni.kit.viewport.manipulator.transform-107.0.4] startup
[1.271s] [ext: omni.kit.manipulator.viewport-107.0.1] startup
[1.273s] [ext: omni.kit.property.adapter.fabric-1.0.3] startup
[1.274s] [ext: omni.kit.manipulator.prim.core-107.0.8] startup
[1.281s] [ext: omni.kit.primitive.mesh-1.0.17] startup
[1.286s] [ext: omni.kit.widget.filter-1.1.4] startup
[1.286s] [ext: omni.kit.hotkeys.core-1.3.10] startup
[1.289s] [ext: omni.kit.manipulator.prim.usd-107.0.3] startup
[1.290s] [ext: omni.fabric.commands-1.1.6] startup
[1.293s] [ext: omni.kit.window.file_exporter-1.0.33] startup
[1.294s] [ext: omni.kit.widget.searchfield-1.1.8] startup
[1.296s] [ext: omni.kit.manipulator.prim.fabric-107.0.4] startup
[1.297s] [ext: omni.debugdraw-0.1.4] startup
[1.300s] [ext: omni.kit.widget.stage-3.1.4] startup
[1.314s] [ext: omni.kit.property.adapter.usd-1.0.2] startup
[1.316s] [ext: omni.kit.manipulator.prim-107.0.0] startup
[1.316s] [ext: omni.kvdb-107.3.26] startup
[1.319s] [ext: omni.convexdecomposition-107.3.26] startup
[1.322s] [ext: omni.physx.foundation-107.3.26] startup
[1.330s] [ext: omni.localcache-107.3.26] startup
[1.333s] [ext: omni.kit.window.content_browser_registry-0.0.6] startup
[1.334s] [ext: omni.kit.widget.highlight_label-1.0.3] startup
[1.335s] [ext: omni.kit.stage_template.core-1.1.22] startup
[1.336s] [ext: omni.usdphysics-107.3.26] startup
[1.338s] [ext: omni.kit.window.file-2.0.5] startup
[1.342s] [ext: omni.physx.cooking-107.3.26] startup
[1.346s] [ext: omni.physics-107.3.26] startup
[1.350s] [ext: omni.kit.window.property-1.12.1] startup
[1.355s] [ext: omni.kit.window.content_browser-3.1.3] startup
[1.368s] [ext: omni.physx-107.3.26] startup
[1.380s] [ext: omni.physics.stageupdate-107.3.26] startup
[1.384s] [ext: omni.kit.property.usd-4.5.12] startup
[1.396s] [ext: omni.kit.manipulator.selection-106.0.1] startup
[1.397s] [ext: omni.physics.physx-107.3.26] startup
2026-10-03T17:59:33Z [1,340ms] [Warning] [carb] Acquiring non optional plugin interface which is not listed as dependency: [omni::physx::IPhysxBenchmarks v1.0] (plugin: <default plugin>), by client: omni.physics.physx.plugin. Add it to CARB_PLUGIN_IMPL_DEPS() macro of a client.
[1.399s] [ext: omni.kit.widget.prompt-1.0.7] startup
[1.400s] [ext: omni.kit.viewport.menubar.core-107.2.1] startup
[1.415s] [ext: omni.kit.viewport.actions-107.0.2] startup
[1.420s] [ext: omni.inspect-1.0.2] startup
[1.423s] [ext: omni.kit.widget.layers-1.8.6] startup
[1.437s] [ext: omni.kit.viewport.menubar.display-107.0.3] startup
[1.439s] [ext: omni.usd.metrics.assembler-107.3.1] startup
[1.445s] [ext: omni.graph.core-2.184.5] startup
[1.448s] [ext: omni.kit.numpy.common-0.1.3] startup
[1.449s] [ext: omni.usdphysics.ui-107.3.26] startup
[1.469s] [ext: omni.physx.commands-107.3.26] startup
[1.473s] [ext: isaacsim.core.deprecation_manager-0.2.7] startup
[1.474s] [ext: omni.isaac.dynamic_control-2.0.7] startup
2026-10-03T17:59:33Z [1,420ms] [Warning] [omni.isaac.dynamic_control] omni.isaac.dynamic_control is deprecated as of Isaac Sim 4.5. No action is needed from end-users.
[1.479s] [ext: omni.physx.ui-107.3.26] startup
[1.507s] [ext: isaacsim.core.version-2.0.6] startup
[1.508s] [ext: omni.physics.tensors-107.3.26] startup
[1.514s] [ext: omni.warp.core-1.8.2] startup
[1.655s] [ext: omni.usd.metrics.assembler.physics-107.3.26] startup
[1.658s] [ext: isaacsim.storage.native-1.5.1] startup
[1.661s] [ext: omni.physx.tensors-107.3.26] startup
[1.663s] [ext: isaacsim.core.utils-3.5.1] startup
[1.666s] [ext: isaacsim.core.simulation_manager-1.4.4] startup
[1.869s] [ext: omni.kit.widget.stage_icons-1.0.8] startup
[1.870s] [ext: omni.kit.widget.text_editor-1.1.1] startup
[1.872s] [ext: omni.kit.window.stage-2.6.1] startup
[1.875s] [ext: omni.kit.menu.create-2.0.1] startup
[1.877s] [ext: omni.kit.window.extensions-1.4.27] startup
[1.883s] [ext: omni.kit.scripting-107.3.2] startup
[1.888s] [ext: omni.kit.stagerecorder.core-107.0.3] startup
[1.891s] [ext: isaacsim.replicator.behavior-1.1.16] startup
[1.892s] [ext: omni.graph.tools-1.79.2] startup
[1.918s] [ext: omni.ui_query-1.1.8] startup
[1.919s] [ext: omni.kit.widget.zoombar-1.0.6] startup
[1.920s] [ext: omni.graph-1.141.2] startup
[1.962s] [ext: omni.graph.action_core-1.1.7] startup
[1.964s] [ext: omni.kit.ui_test-1.3.7] startup
[1.967s] [ext: omni.kit.browser.core-2.3.13] startup
[1.972s] [ext: omni.kit.usd.collect-2.4.5] startup
[1.976s] [ext: omni.graph.action_nodes-1.50.4] startup
[1.979s] [ext: omni.kit.menu.stage-1.2.7] startup
[1.983s] [ext: omni.kit.browser.folder.core-1.10.9] startup
[1.993s] [ext: omni.kit.usdz_export-1.0.9] startup
[1.996s] [ext: omni.graph.visualization.nodes-2.1.3] startup
[2.007s] [ext: omni.graph.action-1.130.0] startup
[2.010s] [ext: omni.kit.tool.collect-2.2.18] startup
[2.015s] [ext: omni.kit.tool.asset_importer-4.3.2] startup
[2.040s] [ext: isaacsim.gui.components-1.2.1] startup
[2.053s] [ext: isaacsim.examples.browser-0.2.1] startup
[2.058s] [ext: isaacsim.asset.importer.urdf-2.4.31] startup
[2.126s] [ext: isaacsim.core.cloner-1.4.10] startup
[2.133s] [ext: omni.kit.stagerecorder.ui-107.0.1] startup
[2.141s] [ext: isaacsim.asset.browser-1.3.23] startup
[2.199s] [ext: semantics.schema.editor-2.0.2] startup
2026-10-03T17:59:34Z [2,146ms] [Warning] [pxr.Semantics] pxr.Semantics is deprecated - please use Semantics instead
[2.206s] [ext: omni.kit.stagerecorder.bundle-105.0.2] startup
[2.207s] [ext: omni.kit.window.status_bar-0.1.9] startup
[2.209s] [ext: omni.kit.widget.graph-2.0.0] startup
[2.216s] [ext: omni.kit.stage_templates-2.0.0] startup
[2.220s] [ext: omni.graph.image.core-0.6.1] startup
[2.221s] [ext: omni.kit.graph.delegate.default-1.2.3] startup
[2.222s] [ext: isaacsim.core.experimental.utils-0.3.0] startup
[2.224s] [ext: omni.graph.image.nodes-1.3.1] startup
[2.226s] [ext: omni.kit.graph.editor.core-1.5.3] startup
[2.229s] [ext: omni.kit.graph.usd.commands-1.3.1] startup
[2.230s] [ext: omni.graph.nodes-1.170.10] startup
[2.239s] [ext: omni.graph.ui_nodes-1.50.5] startup
[2.243s] [ext: omni.kit.widget.material_preview-1.0.16] startup
[2.247s] [ext: omni.syntheticdata-0.6.13] startup
[2.275s] [ext: omni.videoencoding-0.1.2] startup
[2.281s] [ext: omni.warp-1.8.2] startup
[2.291s] [ext: omni.kit.window.material_graph-1.9.1] startup
[2.318s] [ext: omni.graph.scriptnode-1.50.0] startup
[2.322s] [ext: isaacsim.core.prims-0.6.1] startup
[2.360s] [ext: isaacsim.test.docstring-1.1.0] startup
[2.368s] [ext: omni.replicator.core-1.12.27] startup
2026-10-03T17:59:34Z [2,424ms] [Warning] [omni.graph.core.plugin] Found duplicate of category 'Replicator' - was 'Annotators', adding 'Fabric Reader'
2026-10-03T17:59:34Z [2,424ms] [Warning] [omni.graph.core.plugin] Category 'Replicator' not accepted on node type 'omni.replicator.core.FabricReader' in extension 'omni.replicator.core'
2026-10-03T17:59:34Z [2,425ms] [Warning] [omni.replicator.core.scripts.extension] No material configuration file, adding configuration to material settings directly.
[2.486s] [ext: isaacsim.core.api-4.8.0] startup
[2.514s] [ext: isaacsim.core.experimental.prims-0.8.1] startup
[2.556s] [ext: isaacsim.core.nodes-3.4.3] startup
[2.569s] [ext: isaacsim.robot.surface_gripper-3.3.1] startup
[2.583s] [ext: isaacsim.util.debug_draw-3.1.0] startup
[2.596s] [ext: omni.sensors.nv.common-3.0.0] startup
[2.616s] [ext: isaacsim.robot.manipulators-3.3.6] startup
[2.626s] [ext: isaacsim.sensors.physx-2.3.2] startup
[2.644s] [ext: omni.sensors.nv.materials-2.0.0] startup
[2.662s] [ext: omni.sensors.net-1.0.0] startup
[2.679s] [ext: isaacsim.app.about-2.0.11] startup
[2.682s] [ext: isaacsim.simulation_app-2.12.2] startup
[2.683s] [ext: omni.sensors.nv.ids-2.0.0] startup
[2.688s] [ext: omni.sensors.nv.lidar-3.0.0] startup
2026-10-03T17:59:34Z [2,768ms] [Warning] [carb] Potential plugin preload failed: e:/wheel_leg_rl-main/wheelleg_dreamwaq/.venv/lib/site-packages/isaacsim/extscache/omni.sensors.nv.lidar-3.0.0+69cbf6ad.wx64.r.cp311/bin/omni.sensors.nv.lidar.nvlidar_pc_converter.plugin.dll
2026-10-03T17:59:34Z [2,770ms] [Warning] [carb] Potential plugin preload failed: e:/wheel_leg_rl-main/wheelleg_dreamwaq/.venv/lib/site-packages/isaacsim/extscache/omni.sensors.nv.lidar-3.0.0+69cbf6ad.wx64.r.cp311/bin/omni.sensors.nv.lidar.plugin.dll
[2.837s] [ext: omni.kit.property.audio-1.0.16] startup
[2.849s] [ext: omni.kit.property.camera-1.0.10] startup
[2.853s] [ext: omni.kit.property.geometry-2.0.4] startup
[2.875s] [ext: omni.hydra.scene_api-0.1.2] startup
[2.883s] [ext: omni.kit.property.light-1.0.12] startup
[2.902s] [ext: omni.sensors.nv.wpm-3.0.0] startup
[2.906s] [ext: omni.kit.selection-0.1.6] startup
[2.911s] [ext: omni.kit.property.material-1.11.9] startup
[2.971s] [ext: omni.kit.property.transform-1.5.13] startup
[2.997s] [ext: omni.kit.property.render-1.2.1] startup
[3.007s] [ext: omni.sensors.nv.radar-3.0.0] startup
2026-10-03T17:59:35Z [2,954ms] [Warning] [carb] Potential plugin preload failed: e:/wheel_leg_rl-main/wheelleg_dreamwaq/.venv/lib/site-packages/isaacsim/extscache/omni.sensors.nv.radar-3.0.0+69cbf6ad.wx64.r.cp311/bin/omni.sensors.nv.radar.plugin.dll
[3.033s] [ext: isaacsim.gui.menu-2.4.4] startup
[3.059s] [ext: omni.kit.manipulator.camera-106.0.4] startup
[3.068s] [ext: isaacsim.gui.property-1.1.3] startup
[3.072s] [ext: omni.kit.property.bundle-1.4.1] startup
[3.075s] [ext: isaacsim.sensors.rtx-15.8.4] startup
[3.131s] [ext: isaacsim.sensors.physics-0.4.3] startup
[3.139s] [ext: omni.kit.viewport.menubar.camera-107.0.6] startup
[3.153s] [ext: omni.kit.viewport.menubar.lighting-107.3.1] startup
[3.162s] [ext: omni.kit.viewport.menubar.settings-107.0.3] startup
[3.177s] [ext: omni.kit.viewport.menubar.render-107.0.10] startup
[3.186s] [ext: isaacsim.robot.policy.examples-4.1.11] startup
[3.187s] [ext: isaacsim.asset.importer.mjcf-2.5.13] startup
[3.195s] [ext: omni.kit.window.console-1.1.4] startup
[3.200s] [ext: omni.rtx.window.settings-0.6.19] startup
[3.206s] [ext: omni.ocio-0.1.1] startup
[3.209s] [ext: omni.physx.demos-107.3.26] startup
[3.235s] [ext: omni.kit.property.physx-107.3.26] startup
[3.253s] [ext: omni.replicator.replicator_yaml-2.0.11] startup
[3.271s] [ext: omni.asset_validator.core-1.1.6] startup
[3.320s] [ext: omni.rtx.settings.core-0.6.5] startup
[3.324s] [ext: omni.physx.vehicle-107.3.26] startup
[3.341s] [ext: omni.usd.metrics.assembler.ui-107.3.1] startup
[3.350s] [ext: omni.kit.window.script_editor-2.0.1] startup
[3.353s] [ext: isaacsim.robot.wheeled_robots-4.0.24] startup
[3.361s] [ext: omni.physx.asset_validator-107.3.26] startup
[3.375s] [ext: omni.kit.window.toolbar-2.0.0] startup
[3.379s] [ext: omni.physx.camera-107.3.26] startup
[3.388s] [ext: omni.anim.curve.core-1.3.1] startup
[3.402s] [ext: omni.physx.cct-107.3.26] startup
[3.415s] [ext: omni.physx.graph-107.3.26] startup
[3.431s] [ext: omni.physx.supportui-107.3.26] startup
[3.446s] [ext: omni.physx.telemetry-107.3.26] startup
[3.450s] [ext: isaaclab-0.54.2] startup
[3.613s] [ext: isaaclab_contrib-0.0.2] startup
[3.614s] [ext: isaacsim.core.throttling-2.2.2] startup
[3.616s] [ext: omni.kit.ui.actions-1.0.5] startup
[3.618s] [ext: semantics.schema.property-2.0.1] startup
[3.621s] [ext: omni.physx.bundle-107.3.26] startup
[3.622s] [ext: isaacsim.sensors.camera-1.3.6] startup
[3.626s] [ext: isaaclab_assets-0.2.4] startup
[3.892s] [ext: isaaclab_tasks-0.11.12] startup
[4.081s] [ext: omni.kit.menu.common-2.0.1] startup
[4.083s] [ext: isaaclab_rl-0.4.7] startup
[4.084s] [ext: isaaclab_mimic-1.0.16] startup
[4.085s] [ext: isaaclab.python-2.3.2] startup
[4.088s] Simulation App Starting
2026-10-03T17:59:36Z [4,234ms] [Warning] [omni.fabric.plugin] Warning: attribute viewportHandle not found for bucket id 9

[4.375s] app ready
[INFO][AppLauncher]: Using device: cuda:0
[INFO][AppLauncher]: Loading experience file: E:\wheel_leg_rl-main\wheelleg_dreamwaq\dependencies\IsaacLab-v2.3.2\apps\isaaclab.python.kit

[36m======================================================================================================================[0m
[36m[1m[INFO][IsaacLab]: Logging to file: C:\Users\CHANGB~1\AppData\Local\Temp\isaaclab\logs\isaaclab_2026-10-04_01-59-40.log[0m
[36m======================================================================================================================[0m

[33m01:59:40 [simulation_context.py] WARNING: The `enable_external_forces_every_iteration` parameter in the PhysxCfg is set to False. If you are experiencing noisy velocities, consider enabling this flag. You may need to slightly increase the number of velocity iterations (setting it to 1 or 2 rather than 0), together with this flag, to improve the accuracy of velocity updates.[0m
[7.520s] Simulation App Startup Complete
[7.926s] [ext: omni.physx.fabric-107.3.26] startup
