Loading user config located at: 'e:/wheel_leg_rl-main/wheelleg_dreamwaq/.venv/lib/site-packages/isaacsim/kit/data/Kit/wheelleg.python.visualization/0.1/user.config.json'
[Info] [carb] Logging to file: e:/wheel_leg_rl-main/wheelleg_dreamwaq/.venv/lib/site-packages/isaacsim/kit/logs/Kit/wheelleg.python.visualization/0.1/kit_20261004_022527.log
2026-10-03T18:25:27Z [23ms] [Warning] [carb.crashreporter-breakpad.plugin] [previous crash] preventing upload of minidump due to user opt-out: 'e:/wheel_leg_rl-main/wheelleg_dreamwaq/.venv/lib/site-packages/isaacsim/kit/data/Kit/wheelleg.python.visualization/0.1\59bf5be4-a553-479c-86e0-0f5f4ae5ced2.dmp'
[0.107s] [ext: omni.kit.async_engine-0.0.3] startup
[0.141s] [ext: omni.metrics.core-0.0.3] startup
[0.141s] [ext: omni.client.lib-1.1.0] startup
[0.153s] [ext: omni.blobkey-1.1.2] startup
[0.154s] [ext: omni.stats-1.0.1] startup
[0.155s] [ext: omni.datastore-0.0.0] startup
[0.156s] [ext: omni.client-1.3.0] startup
[0.161s] [ext: omni.ujitso.default-1.0.0] startup
[0.163s] [ext: omni.hsscclient-1.1.2] startup
[0.172s] [ext: omni.gpu_foundation.shadercache.vulkan-1.0.0] startup
[0.174s] [ext: omni.assets.plugins-0.0.0] startup
[0.177s] [ext: omni.gpu_foundation-0.0.0] startup
[0.188s] [ext: carb.windowing.plugins-1.0.0] startup
[0.243s] [ext: omni.kit.renderer.init-0.0.0] startup
[0.245s] [ext: omni.kit.telemetry-0.5.2] startup
[0.255s] [ext: omni.usd.config-1.0.6] startup
2026-10-03T18:25:28Z [210ms] [Warning] [omni.usd_config.extension] Enable omni.materialx.libs extension to use MaterialX
[0.265s] [ext: omni.gpucompute.plugins-0.0.0] startup
[0.267s] [ext: omni.usd.libs-1.0.1] startup
[0.340s] [ext: omni.mdl-56.0.3] startup
[0.356s] [ext: omni.iray.libs-0.0.0] startup
[0.372s] [ext: omni.mdl.neuraylib-0.2.12] startup
[0.376s] [ext: omni.kit.usd.mdl-1.1.5] startup
[0.449s] [ext: omni.usd.schema.metrics.assembler-107.3.1] startup
[0.475s] [ext: omni.usd.schema.geospatial-0.0.0] startup
[0.480s] [ext: omni.usd.schema.audio-0.0.0] startup
[0.486s] [ext: omni.usd.schema.semantics-0.0.0] startup
[0.489s] [ext: omni.usd.schema.physx-107.3.26] startup
[0.514s] [ext: omni.usd.schema.anim-0.0.0] startup
[0.537s] [ext: carb.audio-0.1.0] startup
[0.538s] [ext: omni.kit.audiodeviceenum-1.0.2] startup
[0.540s] [ext: omni.graph.exec-0.9.6] startup
[0.541s] [ext: omni.kit.loop-isaac-1.3.7] startup
[0.543s] [ext: omni.kit.exec.core-0.13.4] startup
[0.546s] [ext: omni.appwindow-1.1.10] startup
[0.549s] [ext: omni.kit.actions.core-1.0.0] startup
[0.552s] [ext: omni.kit.renderer.core-1.1.0] startup
[0.559s] [ext: omni.kit.commands-1.4.10] startup
[0.569s] [ext: omni.kit.renderer.capture-0.0.0] startup
[0.573s] [ext: omni.usd.metrics.assembler-107.3.1] startup
[0.579s] [ext: omni.kit.renderer.imgui-2.0.5] startup
[0.589s] [ext: omni.usd.metrics.assembler.physics-107.3.26] startup
[0.598s] [ext: omni.convexdecomposition-107.3.26] startup
[0.600s] [ext: omni.ui-2.27.1] startup
[0.611s] [ext: omni.kit.usd_undo-0.1.8] startup
[0.611s] [ext: omni.kit.viewport.registry-104.0.6] startup
[0.612s] [ext: omni.usd_resolver-1.0.0] startup
[0.617s] [ext: omni.kvdb-107.3.26] startup
[0.620s] [ext: omni.usd.core-1.5.3] startup
[0.621s] [ext: omni.physx.foundation-107.3.26] startup
[0.629s] [ext: omni.localcache-107.3.26] startup
[0.632s] [ext: usdrt.scenegraph-7.6.1] startup

|---------------------------------------------------------------------------------------------|
| Driver Version: 581.80        | Graphics API: Vulkan
|=============================================================================================|
| GPU | Name                             | Active | LDA | GPU Memory | Vendor-ID | LUID       |
|     |                                  |        |     |            | Device-ID | UUID       |
|     |                                  |        |     |            | Bus-ID    |            |
|---------------------------------------------------------------------------------------------|
| 0   | NVIDIA GeForce RTX 5070          | Yes: 0 |     | 11854   MB | 10de      | 46180100.. |
|     |                                  |        |     |            | 2f04      | 9ecca3c1.. |
|     |                                  |        |     |            | 1         |            |
|=============================================================================================|
| OS: Windows 10 Pro, Version: 10.0 (22H2), Build: 19045, Kernel: 10.0.19041.6456
| Processor: Intel(R) Core(TM) i5-14600KF
| Cores: 14 | Logical Cores: 20
|---------------------------------------------------------------------------------------------|
| Total Memory (MB): 32581 | Free Memory: 12820
| Total Page/Swap (MB): 65162 | Free Page/Swap: 16170
|---------------------------------------------------------------------------------------------|
[0.678s] [ext: omni.resourcemonitor-107.0.1] startup
[0.681s] [ext: omni.activity.core-1.0.3] startup
[0.684s] [ext: omni.usdphysics-107.3.26] startup
[0.686s] [ext: omni.timeline-1.0.14] startup
[0.688s] [ext: omni.hydra.usdrt_delegate-7.5.1] startup
[0.696s] [ext: omni.hydra.scene_delegate-0.3.4] startup
[0.698s] [ext: omni.physx.cooking-107.3.26] startup
[0.703s] [ext: omni.usd-1.13.10] startup
[0.734s] [ext: omni.physx-107.3.26] startup
[0.746s] [ext: omni.physics.tensors-107.3.26] startup
[0.751s] [ext: omni.kit.menu.core-1.1.2] startup
[0.752s] [ext: omni.physx.tensors-107.3.26] startup
[0.754s] [ext: omni.kit.menu.utils-2.0.5] startup
[0.759s] [ext: omni.kit.widget.settings-1.2.6] startup
[0.762s] [ext: omni.physics-107.3.26] startup
[0.766s] [ext: omni.kit.usd.layers-2.2.11] startup
[0.773s] [ext: isaacsim.core.deprecation_manager-0.2.7] startup
[0.774s] [ext: omni.kit.numpy.common-0.1.3] startup
[0.775s] [ext: omni.physics.physx-107.3.26] startup
2026-10-03T18:25:28Z [720ms] [Warning] [carb] Acquiring non optional plugin interface which is not listed as dependency: [omni::physx::IPhysxBenchmarks v1.0] (plugin: <default plugin>), by client: omni.physics.physx.plugin. Add it to CARB_PLUGIN_IMPL_DEPS() macro of a client.
[0.776s] [ext: omni.physics.stageupdate-107.3.26] startup
[0.779s] [ext: isaacsim.core.version-2.0.6] startup
[0.780s] [ext: omni.kit.window.popup_dialog-2.0.24] startup
[0.785s] [ext: omni.warp.core-1.8.2] startup
[0.923s] [ext: omni.isaac.dynamic_control-2.0.7] startup
2026-10-03T18:25:28Z [872ms] [Warning] [omni.isaac.dynamic_control] omni.isaac.dynamic_control is deprecated as of Isaac Sim 4.5. No action is needed from end-users.
[0.928s] [ext: isaacsim.storage.native-1.5.1] startup
[0.930s] [ext: omni.kit.window.preferences-1.8.0] startup
[0.944s] [ext: isaacsim.core.utils-3.5.1] startup
[0.947s] [ext: omni.kit.viewport.menubar.core-107.2.1] startup
[0.964s] [ext: isaacsim.core.simulation_manager-1.4.4] startup
[1.168s] [ext: omni.kit.viewport.menubar.settings-107.0.3] startup
[1.172s] [ext: omni.hydra.rtx.shadercache.vulkan-1.0.0] startup
[1.174s] [ext: isaacsim.core.cloner-1.4.10] startup
[1.176s] [ext: omni.index.libs-380600.8087.0] startup
[1.176s] [ext: omni.ujitso.client-0.0.0] startup
[1.176s] [ext: omni.volume-0.5.2] startup
[1.180s] [ext: omni.index-1.0.1] startup
[1.181s] [ext: isaacsim.simulation_app-2.12.2] startup
[1.181s] [ext: omni.hydra.rtx-1.0.0] startup
[1.202s] [ext: omni.ui.scene-1.11.5] startup
[1.206s] [ext: omni.kit.hydra_texture-1.4.6] startup
[1.208s] [ext: omni.kit.viewport.menubar.camera-107.0.6] startup
[1.215s] [ext: omni.kit.widget.viewport-107.1.3] startup
[1.221s] [ext: omni.kit.viewport.menubar.lighting-107.3.1] startup
[1.224s] [ext: omni.kit.viewport.menubar.render-107.0.10] startup
[1.227s] [ext: omni.kit.primitive.mesh-1.0.17] startup
[1.232s] [ext: omni.kit.viewport.window-107.2.0] startup
[1.432s] [ext: omni.kit.stage_template.core-1.1.22] startup
[1.433s] [ext: isaacsim.core.prims-0.6.1] startup
[1.456s] [ext: omni.physx.fabric-107.3.26] startup
[1.460s] [ext: omni.kit.viewport.ready-1.0.9] startup
[1.461s] [ext: omni.kit.stage_templates-2.0.0] startup
[1.464s] [ext: isaaclab-0.54.2] startup
[1.465s] [ext: isaaclab_contrib-0.0.2] startup
[1.465s] [ext: omni.usd.metrics.assembler.ui-107.3.1] startup
[1.600s] [ext: omni.kit.manipulator.camera-106.0.4] startup
[1.605s] [ext: isaacsim.core.api-4.8.0] startup
[1.624s] [ext: isaaclab_assets-0.2.4] startup
[2.085s] [ext: isaaclab_tasks-0.11.12] startup
[2.282s] [ext: isaaclab_rl-0.4.7] startup
[2.282s] [ext: isaaclab_mimic-1.0.16] startup
[2.282s] [ext: wheelleg.python.visualization-0.1.0] startup
[2.285s] Simulation App Starting
2026-10-03T18:25:33Z [5,522ms] [Warning] [omni.fabric.plugin] Warning: attribute viewPickingId not found for bucket id 7

[5.758s] app ready
[INFO][AppLauncher]: Using device: cuda:0
[INFO][AppLauncher]: Loading experience file: E:\wheel_leg_rl-main\wheelleg_dreamwaq\apps\wheelleg.python.visualization.kit
[5.829s] Simulation App Startup Complete
2026-10-03T18:25:33Z [5,782ms] [Warning] [omni.physx.plugin] USD stage detach not called, holding a loose ptr to a stage!
2026-10-03T18:25:33Z [5,788ms] [Warning] [omni.fabric.plugin] gFabricState->gUsdStageToSimStageWithHistoryMap had 1 outstanding SimStageWithHistory(s) at shutdown
