Windows fatal exception: code 0xc0000139

Thread 0x0000469c (most recent call first):
  File "C:\Users\changba01\AppData\Roaming\uv\python\cpython-3.11-windows-x86_64-none\Lib\concurrent\futures\thread.py", line 81 in _worker
  File "C:\Users\changba01\AppData\Roaming\uv\python\cpython-3.11-windows-x86_64-none\Lib\threading.py", line 982 in run
  File "C:\Users\changba01\AppData\Roaming\uv\python\cpython-3.11-windows-x86_64-none\Lib\threading.py", line 1045 in _bootstrap_inner
  File "C:\Users\changba01\AppData\Roaming\uv\python\cpython-3.11-windows-x86_64-none\Lib\threading.py", line 1002 in _bootstrap

Thread 0x00004e34 (most recent call first):
  File "C:\Users\changba01\AppData\Roaming\uv\python\cpython-3.11-windows-x86_64-none\Lib\concurrent\futures\thread.py", line 81 in _worker
  File "C:\Users\changba01\AppData\Roaming\uv\python\cpython-3.11-windows-x86_64-none\Lib\threading.py", line 982 in run
  File "C:\Users\changba01\AppData\Roaming\uv\python\cpython-3.11-windows-x86_64-none\Lib\threading.py", line 1045 in _bootstrap_inner
  File "C:\Users\changba01\AppData\Roaming\uv\python\cpython-3.11-windows-x86_64-none\Lib\threading.py", line 1002 in _bootstrap

Thread 0x0000a78c (most recent call first):
  File "C:\Users\changba01\AppData\Roaming\uv\python\cpython-3.11-windows-x86_64-none\Lib\concurrent\futures\thread.py", line 81 in _worker
  File "C:\Users\changba01\AppData\Roaming\uv\python\cpython-3.11-windows-x86_64-none\Lib\threading.py", line 982 in run
  File "C:\Users\changba01\AppData\Roaming\uv\python\cpython-3.11-windows-x86_64-none\Lib\threading.py", line 1045 in _bootstrap_inner
  File "C:\Users\changba01\AppData\Roaming\uv\python\cpython-3.11-windows-x86_64-none\Lib\threading.py", line 1002 in _bootstrap

Thread 0x00003dd8 (most recent call first):
  File "C:\Users\changba01\AppData\Roaming\uv\python\cpython-3.11-windows-x86_64-none\Lib\concurrent\futures\thread.py", line 81 in _worker
  File "C:\Users\changba01\AppData\Roaming\uv\python\cpython-3.11-windows-x86_64-none\Lib\threading.py", line 982 in run
  File "C:\Users\changba01\AppData\Roaming\uv\python\cpython-3.11-windows-x86_64-none\Lib\threading.py", line 1045 in _bootstrap_inner
  File "C:\Users\changba01\AppData\Roaming\uv\python\cpython-3.11-windows-x86_64-none\Lib\threading.py", line 1002 in _bootstrap

Thread 0x00000964 (most recent call first):
  File "C:\Users\changba01\AppData\Roaming\uv\python\cpython-3.11-windows-x86_64-none\Lib\tokenize.py", line 521 in _tokenize

Thread 0x00009a74 (most recent call first):
  File "E:\wheel_leg_rl-main\wheelleg_dreamwaq\.venv\Lib\site-packages\isaacsim\exts\isaacsim.simulation_app\isaacsim\simulation_app\simulation_app.py", line 534 in _start_app
  File "E:\wheel_leg_rl-main\wheelleg_dreamwaq\.venv\Lib\site-packages\isaacsim\exts\isaacsim.simulation_app\isaacsim\simulation_app\simulation_app.py", line 270 in __init__
  File "E:\wheel_leg_rl-main\wheelleg_dreamwaq\dependencies\IsaacLab-v2.3.2\source\isaaclab\isaaclab\app\app_launcher.py", line 823 in _create_app
  File "E:\wheel_leg_rl-main\wheelleg_dreamwaq\dependencies\IsaacLab-v2.3.2\source\isaaclab\isaaclab\app\app_launcher.py", line 131 in __init__
  File "E:\wheel_leg_rl-main\wheelleg_dreamwaq\scripts\play.py", line 30 in <module>
Windows fatal exception: code 0xc0000139

Thread 0x0000469c (most recent call first):
  File "C:\Users\changba01\AppData\Roaming\uv\python\cpython-3.11-windows-x86_64-none\Lib\concurrent\futures\thread.py", line 81 in _worker
  File "C:\Users\changba01\AppData\Roaming\uv\python\cpython-3.11-windows-x86_64-none\Lib\threading.py", line 982 in run
  File "C:\Users\changba01\AppData\Roaming\uv\python\cpython-3.11-windows-x86_64-none\Lib\threading.py", line 1045 in _bootstrap_inner
  File "C:\Users\changba01\AppData\Roaming\uv\python\cpython-3.11-windows-x86_64-none\Lib\threading.py", line 1002 in _bootstrap

Thread 0x00004e34 (most recent call first):
  File "C:\Users\changba01\AppData\Roaming\uv\python\cpython-3.11-windows-x86_64-none\Lib\concurrent\futures\thread.py", line 81 in _worker
  File "C:\Users\changba01\AppData\Roaming\uv\python\cpython-3.11-windows-x86_64-none\Lib\threading.py", line 982 in run
  File "C:\Users\changba01\AppData\Roaming\uv\python\cpython-3.11-windows-x86_64-none\Lib\threading.py", line 1045 in _bootstrap_inner
  File "C:\Users\changba01\AppData\Roaming\uv\python\cpython-3.11-windows-x86_64-none\Lib\threading.py", line 1002 in _bootstrap

Thread 0x0000a78c (most recent call first):
  File "C:\Users\changba01\AppData\Roaming\uv\python\cpython-3.11-windows-x86_64-none\Lib\concurrent\futures\thread.py", line 81 in _worker
  File "C:\Users\changba01\AppData\Roaming\uv\python\cpython-3.11-windows-x86_64-none\Lib\threading.py", line 982 in run
  File "C:\Users\changba01\AppData\Roaming\uv\python\cpython-3.11-windows-x86_64-none\Lib\threading.py", line 1045 in _bootstrap_inner
  File "C:\Users\changba01\AppData\Roaming\uv\python\cpython-3.11-windows-x86_64-none\Lib\threading.py", line 1002 in _bootstrap

Thread 0x00003dd8 (most recent call first):
  File "C:\Users\changba01\AppData\Roaming\uv\python\cpython-3.11-windows-x86_64-none\Lib\concurrent\futures\thread.py", line 81 in _worker
  File "C:\Users\changba01\AppData\Roaming\uv\python\cpython-3.11-windows-x86_64-none\Lib\threading.py", line 982 in run
  File "C:\Users\changba01\AppData\Roaming\uv\python\cpython-3.11-windows-x86_64-none\Lib\threading.py", line 1045 in _bootstrap_inner
  File "C:\Users\changba01\AppData\Roaming\uv\python\cpython-3.11-windows-x86_64-none\Lib\threading.py", line 1002 in _bootstrap

Thread 0x00000964 (most recent call first):
  File "C:\Users\changba01\AppData\Roaming\uv\python\cpython-3.11-windows-x86_64-none\Lib\ast.py"Windows fatal exception: access violation

2026-10-03T17:59:34Z [2,764ms] [Error] [omni.ext.plugin] Could not load the dynamic library from e:/wheel_leg_rl-main/wheelleg_dreamwaq/.venv/lib/site-packages/isaacsim/kit/dev/libs/sensors/generic_model_output/bin/generic_mo_io.dll. Error: 找不到指定的程序。
 (note that this may be caused by a dependent library)
2026-10-03T17:59:34Z [2,767ms] [Error] [carb] [Plugin: omni.sensors.nv.lidar.nvlidar_pc_converter.plugin.dll] Could not load the dynamic library from e:/wheel_leg_rl-main/wheelleg_dreamwaq/.venv/lib/site-packages/isaacsim/extscache/omni.sensors.nv.lidar-3.0.0+69cbf6ad.wx64.r.cp311/bin/omni.sensors.nv.lidar.nvlidar_pc_converter.plugin.dll because a dependent library failed to load. Enable the "Show Loader Snaps" gflag or use a tool such as LoaderLog or a Dependencies tool to determine which dependent library is missing as Windows does not provide any method for the application to determine this.
2026-10-03T17:59:34Z [2,768ms] [Error] [omni.ext.plugin] [ext: omni.sensors.nv.lidar-3.0.0] failed to load native plugin: e:/wheel_leg_rl-main/wheelleg_dreamwaq/.venv/lib/site-packages/isaacsim/extscache/omni.sensors.nv.lidar-3.0.0+69cbf6ad.wx64.r.cp311/bin/omni.sensors.nv.lidar.nvlidar_pc_converter.plugin.dll
2026-10-03T17:59:34Z [2,769ms] [Error] [carb] [Plugin: omni.sensors.nv.lidar.plugin.dll] Could not load the dynamic library from e:/wheel_leg_rl-main/wheelleg_dreamwaq/.venv/lib/site-packages/isaacsim/extscache/omni.sensors.nv.lidar-3.0.0+69cbf6ad.wx64.r.cp311/bin/omni.sensors.nv.lidar.plugin.dll because a dependent library failed to load. Enable the "Show Loader Snaps" gflag or use a tool such as LoaderLog or a Dependencies tool to determine which dependent library is missing as Windows does not provide any method for the application to determine this.
2026-10-03T17:59:34Z [2,770ms] [Error] [omni.ext.plugin] [ext: omni.sensors.nv.lidar-3.0.0] failed to load native plugin: e:/wheel_leg_rl-main/wheelleg_dreamwaq/.venv/lib/site-packages/isaacsim/extscache/omni.sensors.nv.lidar-3.0.0+69cbf6ad.wx64.r.cp311/bin/omni.sensors.nv.lidar.plugin.dll
Windows fatal exception: code 0xc0000139

Windows fatal exception: code 0xc0000139

2026-10-03T17:59:35Z [2,950ms] [Error] [omni.ext.plugin] Could not load the dynamic library from e:/wheel_leg_rl-main/wheelleg_dreamwaq/.venv/lib/site-packages/isaacsim/kit/dev/libs/sensors/generic_model_output/bin/generic_mo_io.dll. Error: 找不到指定的程序。
 (note that this may be caused by a dependent library)
2026-10-03T17:59:35Z [2,954ms] [Error] [carb] [Plugin: omni.sensors.nv.radar.plugin.dll] Could not load the dynamic library from e:/wheel_leg_rl-main/wheelleg_dreamwaq/.venv/lib/site-packages/isaacsim/extscache/omni.sensors.nv.radar-3.0.0+69cbf6ad.wx64.r.cp311/bin/omni.sensors.nv.radar.plugin.dll because a dependent library failed to load. Enable the "Show Loader Snaps" gflag or use a tool such as LoaderLog or a Dependencies tool to determine which dependent library is missing as Windows does not provide any method for the application to determine this.
2026-10-03T17:59:35Z [2,954ms] [Error] [omni.ext.plugin] [ext: omni.sensors.nv.radar-3.0.0] failed to load native plugin: e:/wheel_leg_rl-main/wheelleg_dreamwaq/.venv/lib/site-packages/isaacsim/extscache/omni.sensors.nv.radar-3.0.0+69cbf6ad.wx64.r.cp311/bin/omni.sensors.nv.radar.plugin.dll
2026-10-03T17:59:35Z [3,023ms] [Error] [omni.ext._impl.custom_importer] Failed to import python module isaacsim.sensors.rtx. Error: DLL load failed while importing _generic_model_output: 找不到指定的模块。. Traceback:
Traceback (most recent call last):
  File "E:\wheel_leg_rl-main\wheelleg_dreamwaq\.venv\Lib\site-packages\isaacsim\kit\kernel\py\omni\ext\_impl\custom_importer.py", line 85, in import_module
    return importlib.import_module(name)
           ^^^^^^^^^^^^^^^^^^^^^^^^^^^^^
  File "C:\Users\changba01\AppData\Roaming\uv\python\cpython-3.11-windows-x86_64-none\Lib\importlib\__init__.py", line 126, in import_module
    return _bootstrap._gcd_import(name[level:], package, level)
           ^^^^^^^^^^^^^^^^^^^^^^^^^^^^^^^^^^^^^^^^^^^^^^^^^^^^
  File "<frozen importlib._bootstrap>", line 1204, in _gcd_import
  File "<frozen importlib._bootstrap>", line 1176, in _find_and_load
  File "<frozen importlib._bootstrap>", line 1147, in _find_and_load_unlocked
  File "<frozen importlib._bootstrap>", line 690, in _load_unlocked
  File "<frozen importlib._bootstrap_external>", line 940, in exec_module
  File "<frozen importlib._bootstrap>", line 241, in _call_with_frames_removed
  File "e:/wheel_leg_rl-main/wheelleg_dreamwaq/.venv/lib/site-packages/isaacsim/exts/isaacsim.sensors.rtx/isaacsim/sensors/rtx/__init__.py", line 16, in <module>
    from .impl import *
  File "e:/wheel_leg_rl-main/wheelleg_dreamwaq/.venv/lib/site-packages/isaacsim/exts/isaacsim.sensors.rtx/isaacsim/sensors/rtx/impl/__init__.py", line 17, in <module>
    from .extension import *
  File "e:/wheel_leg_rl-main/wheelleg_dreamwaq/.venv/lib/site-packages/isaacsim/exts/isaacsim.sensors.rtx/isaacsim/sensors/rtx/impl/extension.py", line 22, in <module>
    import isaacsim.sensors.rtx.generic_model_output as gmo_utils
  File "e:/wheel_leg_rl-main/wheelleg_dreamwaq/.venv/lib/site-packages/isaacsim/exts/isaacsim.sensors.rtx/isaacsim/sensors/rtx/generic_model_output/__init__.py", line 1, in <module>
    from ._generic_model_output import *
ImportError: DLL load failed while importing _generic_model_output: 找不到指定的模块。

2026-10-03T17:59:35Z [3,024ms] [Error] [carb.scripting-python.plugin] Exception: Extension python module: 'isaacsim.sensors.rtx' in 'e:\wheel_leg_rl-main\wheelleg_dreamwaq\.venv\lib\site-packages\isaacsim\exts\isaacsim.sensors.rtx' failed to load.

At:
  E:\wheel_leg_rl-main\wheelleg_dreamwaq\.venv\Lib\site-packages\isaacsim\kit\kernel\py\omni\ext\_impl\_internal.py(222): startup
  E:\wheel_leg_rl-main\wheelleg_dreamwaq\.venv\Lib\site-packages\isaacsim\kit\kernel\py\omni\ext\_impl\_internal.py(337): startup_extension
  PythonExtension.cpp::startup()(2): <module>
  E:\wheel_leg_rl-main\wheelleg_dreamwaq\.venv\Lib\site-packages\isaacsim\exts\isaacsim.simulation_app\isaacsim\simulation_app\simulation_app.py(534): _start_app
  E:\wheel_leg_rl-main\wheelleg_dreamwaq\.venv\Lib\site-packages\isaacsim\exts\isaacsim.simulation_app\isaacsim\simulation_app\simulation_app.py(270): __init__
  E:\wheel_leg_rl-main\wheelleg_dreamwaq\dependencies\IsaacLab-v2.3.2\source\isaaclab\isaaclab\app\app_launcher.py(823): _create_app
  E:\wheel_leg_rl-main\wheelleg_dreamwaq\dependencies\IsaacLab-v2.3.2\source\isaaclab\isaaclab\app\app_launcher.py(131): __init__
  E:\wheel_leg_rl-main\wheelleg_dreamwaq\scripts\play.py(30): <module>

2026-10-03T17:59:35Z [3,024ms] [Error] [omni.ext.plugin] [ext: isaacsim.sensors.rtx-15.8.4] Failed to startup python extension.
2026-10-03T17:59:35Z [3,077ms] [Error] [omni.graph.core._impl.extension] OGN node registration completed with errors: DLL load failed while importing _generic_model_output: 找不到指定的模块。
