Loading user config located at: 'e:/wheel_leg_rl-main/wheelleg_dreamwaq/.venv/lib/site-packages/isaacsim/kit/data/Kit/Isaac-Sim/5.1/user.config.json'
[Info] [carb] Logging to file: e:/wheel_leg_rl-main/wheelleg_dreamwaq/.venv/lib/site-packages/isaacsim/kit/logs/Kit/Isaac-Sim/5.1/kit_20261004_143232.log
[0.108s] [ext: omni.kit.async_engine-0.0.3] startup
[0.211s] [ext: omni.metrics.core-0.0.3] startup
[0.211s] [ext: omni.client.lib-1.1.0] startup
[0.223s] [ext: omni.blobkey-1.1.2] startup
[0.223s] [ext: omni.stats-1.0.1] startup
[0.225s] [ext: omni.datastore-0.0.0] startup
[0.226s] [ext: omni.client-1.3.0] startup
[0.231s] [ext: omni.ujitso.default-1.0.0] startup
[0.234s] [ext: omni.hsscclient-1.1.2] startup
[0.243s] [ext: omni.gpu_foundation.shadercache.vulkan-1.0.0] startup
[0.246s] [ext: omni.assets.plugins-0.0.0] startup
[0.248s] [ext: omni.gpu_foundation-0.0.0] startup
[0.260s] [ext: carb.windowing.plugins-1.0.0] startup
[0.320s] [ext: omni.kit.renderer.init-0.0.0] startup
[0.321s] [ext: omni.materialx.libs-1.0.7] startup
[0.345s] [ext: omni.kit.pipapi-0.0.0] startup
[0.346s] [ext: omni.usd.config-1.0.6] startup
[0.355s] [ext: omni.gpucompute.plugins-0.0.0] startup
[0.357s] [ext: omni.usd.libs-1.0.1] startup
[0.436s] [ext: omni.kit.telemetry-0.5.2] startup
[0.444s] [ext: omni.mdl-56.0.3] startup
[0.462s] [ext: omni.iray.libs-0.0.0] startup
[0.481s] [ext: omni.mdl.neuraylib-0.2.12] startup
[0.486s] [ext: omni.kit.usd.mdl-1.1.5] startup
[0.598s] [ext: omni.kit.pip_archive-0.0.0] startup
[0.598s] [ext: omni.kit.loop-isaac-1.3.7] startup
[0.600s] [ext: omni.kit.test-2.0.1] startup
[0.652s] [ext: omni.appwindow-1.1.10] startup
[0.669s] [ext: omni.kit.renderer.core-1.1.0] startup
[0.674s] [ext: omni.kit.renderer.capture-0.0.0] startup
[0.677s] [ext: omni.kit.renderer.imgui-2.0.5] startup
[0.685s] [ext: omni.ui-2.27.1] startup
[0.697s] [ext: omni.kit.mainwindow-1.0.3] startup
[0.698s] [ext: carb.audio-0.1.0] startup
[0.699s] [ext: omni.uiaudio-1.0.0] startup
[0.701s] [ext: omni.kit.uiapp-0.0.0] startup
[0.701s] [ext: omni.usd.schema.metrics.assembler-107.3.1] startup
[0.707s] [ext: omni.usd.schema.geospatial-0.0.0] startup
[0.714s] [ext: omni.usd.schema.audio-0.0.0] startup
[0.720s] [ext: omni.usd.schema.anim-0.0.0] startup
[0.741s] [ext: omni.usd.schema.omnigraph-1.0.0] startup
[0.748s] [ext: omni.usd_resolver-1.0.0] startup
[0.752s] [ext: omni.usd.core-1.5.3] startup
[0.753s] [ext: omni.usd.schema.render_settings.rtx-0.0.0] startup
[0.775s] [ext: omni.usd.schema.semantics-0.0.0] startup
[0.779s] [ext: omni.usd.schema.physx-107.3.26] startup

|---------------------------------------------------------------------------------------------|
| Driver Version: 581.80        | Graphics API: Vulkan
|=============================================================================================|
| GPU | Name                             | Active | LDA | GPU Memory | Vendor-ID | LUID       |
|     |                                  |        |     |            | Device-ID | UUID       |
|     |                                  |        |     |            | Bus-ID    |            |
|---------------------------------------------------------------------------------------------|
| 0   | NVIDIA GeForce RTX 5070          | Yes: 0 |     | 11854   MB | 10de      | 46180100.. |
|     |                                  |        |     |            | 2f04      | 9ecca3c1.. |
|     |                                  |        |     |            | 1         |            |
|=============================================================================================|
| OS: Windows 10 Pro, Version: 10.0 (22H2), Build: 19045, Kernel: 10.0.19041.6456
| Processor: Intel(R) Core(TM) i5-14600KF
| Cores: 14 | Logical Cores: 20
|---------------------------------------------------------------------------------------------|
| Total Memory (MB): 32581 | Free Memory: 10121
| Total Page/Swap (MB): 65162 | Free Page/Swap: 15518
|---------------------------------------------------------------------------------------------|
[0.801s] [ext: isaacsim.robot.schema-3.6.0] startup
[0.811s] [ext: omni.usd.schema.omni_lens_distortion-0.0.0] startup
[0.812s] [ext: omni.usd.schema.omniscripting-1.0.0] startup
[0.819s] [ext: omni.kit.window.popup_dialog-2.0.24] startup
[0.824s] [ext: omni.graph.exec-0.9.6] startup
[0.826s] [ext: omni.kit.widget.nucleus_connector-2.0.1] startup
[0.829s] [ext: omni.kit.usd_undo-0.1.8] startup
[0.830s] [ext: omni.kit.exec.core-0.13.4] startup
[0.834s] [ext: omni.kit.actions.core-1.0.0] startup
[0.839s] [ext: omni.resourcemonitor-107.0.1] startup
[0.842s] [ext: omni.activity.core-1.0.3] startup
[0.845s] [ext: omni.timeline-1.0.14] startup
[0.847s] [ext: omni.kit.commands-1.4.10] startup
[0.852s] [ext: usdrt.scenegraph-7.6.1] startup
[0.895s] [ext: omni.kit.audiodeviceenum-1.0.2] startup
[0.897s] [ext: omni.hydra.usdrt_delegate-7.5.1] startup
[0.903s] [ext: omni.hydra.scene_delegate-0.3.4] startup
[0.905s] [ext: omni.usd-1.13.10] startup
[0.931s] [ext: omni.kit.asset_converter-5.0.17] startup
[0.938s] [ext: omni.usd.schema.omni_sensors-0.0.0] startup
[0.939s] [ext: omni.index.libs-380600.8087.0] startup
[0.939s] [ext: omni.volume-0.5.2] startup
[0.944s] [ext: omni.ujitso.client-0.0.0] startup
[0.945s] [ext: omni.index-1.0.1] startup
[0.946s] [ext: omni.hydra.rtx.shadercache.vulkan-1.0.0] startup
[0.947s] [ext: omni.hydra.rtx-1.0.0] startup
[0.969s] [ext: omni.kit.notification_manager-1.0.10] startup
[0.971s] [ext: omni.kit.clipboard-1.0.5] startup
[0.972s] [ext: omni.kit.viewport.legacy_gizmos-1.0.19] startup
[0.974s] [ext: omni.kit.raycast.query-1.1.0] startup
[0.977s] [ext: omni.kit.menu.core-1.1.2] startup
[0.978s] [ext: omni.kit.widget.options_menu-1.1.6] startup
[0.981s] [ext: omni.kit.helper.file_utils-0.1.9] startup
[0.983s] [ext: omni.kit.widget.path_field-2.0.11] startup
[0.984s] [ext: omni.kit.widget.context_menu-1.2.5] startup
[0.986s] [ext: omni.kit.widget.options_button-1.0.3] startup
[0.987s] [ext: omni.kit.widget.filebrowser-2.12.3] startup
[0.993s] [ext: omni.kit.widget.browser_bar-2.0.10] startup
[0.994s] [ext: omni.kit.usd.layers-2.2.11] startup
[1.001s] [ext: omni.ui.scene-1.11.5] startup
[1.004s] [ext: omni.kit.viewport.registry-104.0.6] startup
[1.005s] [ext: omni.kit.window.filepicker-2.13.4] startup
[1.024s] [ext: omni.kit.menu.utils-2.0.5] startup
[1.033s] [ext: omni.kit.context_menu-1.8.6] startup
[1.035s] [ext: omni.kit.viewport.scene_camera_model-1.0.6] startup
[1.037s] [ext: omni.kit.hydra_texture-1.4.6] startup
[1.039s] [ext: omni.kit.window.file_importer-1.1.18] startup
[1.043s] [ext: omni.kit.widget.searchable_combobox-1.0.6] startup
[1.045s] [ext: omni.kit.window.drop_support-1.0.5] startup
[1.045s] [ext: omni.kit.widget.viewport-107.1.3] startup
[1.051s] [ext: omni.kit.material.library-2.0.7] startup
[1.056s] [ext: omni.hydra.engine.stats-1.0.3] startup
[1.058s] [ext: omni.kit.widget.settings-1.2.6] startup
[1.060s] [ext: omni.kit.viewport.window-107.2.0] startup
[1.263s] [ext: omni.kit.window.preferences-1.8.0] startup
[1.269s] [ext: omni.kit.widget.toolbar-2.0.1] startup
[1.277s] [ext: omni.kit.viewport.utility-1.1.2] startup
[1.277s] [ext: omni.kit.manipulator.transform-107.0.0] startup
[1.282s] [ext: omni.kit.manipulator.tool.snap-1.5.13] startup
[1.286s] [ext: omni.kit.manipulator.selector-1.1.3] startup
[1.288s] [ext: omni.kit.viewport.manipulator.transform-107.0.4] startup
[1.290s] [ext: omni.kit.manipulator.viewport-107.0.1] startup
[1.292s] [ext: omni.kit.primitive.mesh-1.0.17] startup
[1.296s] [ext: omni.kit.manipulator.prim.core-107.0.8] startup
[1.303s] [ext: omni.fabric.commands-1.1.6] startup
[1.307s] [ext: omni.kit.usd.collect-2.4.5] startup
[1.309s] [ext: omni.kit.manipulator.prim.fabric-107.0.4] startup
[1.311s] [ext: omni.kit.window.file_exporter-1.0.33] startup
[1.312s] [ext: omni.kit.widget.prompt-1.0.7] startup
[1.313s] [ext: omni.kit.manipulator.prim.usd-107.0.3] startup
[1.314s] [ext: omni.debugdraw-0.1.4] startup
[1.316s] [ext: omni.kit.property.adapter.core-1.0.2] startup
[1.319s] [ext: omni.kit.manipulator.prim-107.0.0] startup
[1.319s] [ext: omni.kit.usdz_export-1.0.9] startup
[1.321s] [ext: omni.inspect-1.0.2] startup
[1.324s] [ext: omni.kit.property.adapter.usd-1.0.2] startup
[1.325s] [ext: omni.kit.property.adapter.fabric-1.0.3] startup
[1.327s] [ext: omni.kvdb-107.3.26] startup
[1.329s] [ext: omni.graph.core-2.184.5] startup
[1.331s] [ext: omni.kit.stage_template.core-1.1.22] startup
[1.332s] [ext: omni.kit.widget.filter-1.1.4] startup
[1.333s] [ext: omni.kit.hotkeys.core-1.3.10] startup
[1.335s] [ext: omni.graph.tools-1.79.2] startup
[1.362s] [ext: omni.kit.widget.searchfield-1.1.8] startup
[1.364s] [ext: omni.kit.window.file-2.0.5] startup
[1.367s] [ext: omni.kit.window.content_browser_registry-0.0.6] startup
[1.368s] [ext: omni.kit.widget.highlight_label-1.0.3] startup
[1.369s] [ext: omni.kit.window.content_browser-3.1.3] startup
[1.382s] [ext: omni.graph-1.141.2] startup
[1.425s] [ext: omni.kit.window.property-1.12.1] startup
[1.428s] [ext: omni.kit.widget.stage-3.1.4] startup
[1.442s] [ext: omni.kit.manipulator.selection-106.0.1] startup
[1.445s] [ext: omni.graph.visualization.nodes-2.1.3] startup
[1.453s] [ext: omni.kit.property.usd-4.5.12] startup
[1.472s] [ext: omni.localcache-107.3.26] startup
[1.479s] [ext: omni.convexdecomposition-107.3.26] startup
[1.482s] [ext: omni.kit.widget.zoombar-1.0.6] startup
[1.483s] [ext: omni.usdphysics-107.3.26] startup
[1.485s] [ext: omni.physx.foundation-107.3.26] startup
[1.491s] [ext: omni.kit.viewport.menubar.core-107.2.1] startup
[1.507s] [ext: omni.kit.viewport.actions-107.0.2] startup
[1.512s] [ext: omni.kit.browser.core-2.3.13] startup
[1.517s] [ext: omni.physx.cooking-107.3.26] startup
[1.520s] [ext: omni.kit.widget.layers-1.8.6] startup
[1.536s] [ext: omni.kit.viewport.menubar.display-107.0.3] startup
[1.538s] [ext: omni.kit.browser.folder.core-1.10.9] startup
[1.544s] [ext: omni.physx-107.3.26] startup
[1.555s] [ext: omni.physics-107.3.26] startup
[1.560s] [ext: omni.usdphysics.ui-107.3.26] startup
[1.579s] [ext: omni.physx.commands-107.3.26] startup
[1.584s] [ext: omni.physics.stageupdate-107.3.26] startup
[1.587s] [ext: omni.kit.tool.asset_importer-4.3.2] startup
[1.594s] [ext: omni.physx.ui-107.3.26] startup
[1.619s] [ext: omni.kit.menu.create-2.0.1] startup
[1.621s] [ext: omni.kit.tool.collect-2.2.18] startup
[1.624s] [ext: omni.kit.numpy.common-0.1.3] startup
[1.626s] [ext: omni.physics.physx-107.3.26] startup
2026-10-04T06:32:34Z [1,565ms] [Warning] [carb] Acquiring non optional plugin interface which is not listed as dependency: [omni::physx::IPhysxBenchmarks v1.0] (plugin: <default plugin>), by client: omni.physics.physx.plugin. Add it to CARB_PLUGIN_IMPL_DEPS() macro of a client.
[1.628s] [ext: omni.usd.metrics.assembler-107.3.1] startup
[1.632s] [ext: isaacsim.core.deprecation_manager-0.2.7] startup
[1.633s] [ext: omni.isaac.dynamic_control-2.0.7] startup
2026-10-04T06:32:34Z [1,575ms] [Warning] [omni.isaac.dynamic_control] omni.isaac.dynamic_control is deprecated as of Isaac Sim 4.5. No action is needed from end-users.
[1.637s] [ext: omni.usd.metrics.assembler.physics-107.3.26] startup
[1.640s] [ext: isaacsim.core.version-2.0.6] startup
[1.642s] [ext: omni.physics.tensors-107.3.26] startup
[1.648s] [ext: omni.warp.core-1.8.2] startup
[1.790s] [ext: isaacsim.storage.native-1.5.1] startup
[1.793s] [ext: omni.physx.tensors-107.3.26] startup
[1.795s] [ext: isaacsim.core.utils-3.5.1] startup
[1.798s] [ext: omni.ui_query-1.1.8] startup
[1.801s] [ext: isaacsim.core.simulation_manager-1.4.4] startup
[2.017s] [ext: omni.kit.ui_test-1.3.7] startup
[2.021s] [ext: isaacsim.core.prims-0.6.1] startup
[2.044s] [ext: omni.graph.action_core-1.1.7] startup
[2.047s] [ext: omni.kit.stage_templates-2.0.0] startup
[2.050s] [ext: omni.kit.widget.stage_icons-1.0.8] startup
[2.052s] [ext: omni.kit.widget.text_editor-1.1.1] startup
[2.054s] [ext: omni.graph.action_nodes-1.50.4] startup
[2.056s] [ext: isaacsim.core.api-4.8.0] startup
[2.076s] [ext: omni.kit.window.stage-2.6.1] startup
[2.083s] [ext: omni.kit.window.extensions-1.4.27] startup
[2.097s] [ext: omni.graph.action-1.130.0] startup
[2.099s] [ext: omni.kit.selection-0.1.6] startup
[2.105s] [ext: omni.kit.menu.stage-1.2.7] startup
[2.116s] [ext: isaacsim.gui.components-1.2.1] startup
[2.120s] [ext: isaacsim.gui.menu-2.4.4] startup
[2.129s] [ext: omni.kit.scripting-107.3.2] startup
[2.136s] [ext: isaacsim.examples.browser-0.2.1] startup
[2.140s] [ext: isaacsim.asset.importer.urdf-2.4.31] startup
[2.208s] [ext: isaacsim.replicator.behavior-1.1.16] startup
[2.210s] [ext: isaacsim.asset.browser-1.3.23] startup
[2.275s] [ext: semantics.schema.editor-2.0.2] startup
2026-10-04T06:32:34Z [2,217ms] [Warning] [pxr.Semantics] pxr.Semantics is deprecated - please use Semantics instead
[2.281s] [ext: omni.kit.viewport.menubar.camera-107.0.6] startup
[2.287s] [ext: omni.kit.widget.graph-2.0.0] startup
[2.297s] [ext: isaacsim.core.cloner-1.4.10] startup
[2.299s] [ext: omni.kit.graph.delegate.default-1.2.3] startup
[2.301s] [ext: omni.graph.image.core-0.6.1] startup
[2.302s] [ext: omni.kit.widget.material_preview-1.0.16] startup
[2.304s] [ext: omni.kit.graph.usd.commands-1.3.1] startup
[2.305s] [ext: omni.kit.graph.editor.core-1.5.3] startup
[2.312s] [ext: omni.graph.image.nodes-1.3.1] startup
[2.314s] [ext: omni.kit.window.material_graph-1.9.1] startup
[2.324s] [ext: omni.graph.nodes-1.170.10] startup
[2.333s] [ext: omni.graph.ui_nodes-1.50.5] startup
[2.337s] [ext: omni.videoencoding-0.1.2] startup
[2.341s] [ext: isaacsim.core.experimental.utils-0.3.0] startup
[2.345s] [ext: isaacsim.test.docstring-1.1.0] startup
[2.350s] [ext: omni.warp-1.8.2] startup
[2.358s] [ext: omni.syntheticdata-0.6.13] startup
[2.394s] [ext: omni.graph.scriptnode-1.50.0] startup
[2.398s] [ext: isaacsim.core.experimental.prims-0.8.1] startup
[2.474s] [ext: omni.replicator.core-1.12.27] startup
2026-10-04T06:32:35Z [2,516ms] [Warning] [omni.graph.core.plugin] Found duplicate of category 'Replicator' - was 'Annotators', adding 'Fabric Reader'
2026-10-04T06:32:35Z [2,516ms] [Warning] [omni.graph.core.plugin] Category 'Replicator' not accepted on node type 'omni.replicator.core.FabricReader' in extension 'omni.replicator.core'
2026-10-04T06:32:35Z [2,516ms] [Warning] [omni.replicator.core.scripts.extension] No material configuration file, adding configuration to material settings directly.
[2.581s] [ext: isaacsim.robot.surface_gripper-3.3.1] startup
[2.587s] [ext: isaacsim.core.nodes-3.4.3] startup
[2.598s] [ext: isaacsim.util.debug_draw-3.1.0] startup
[2.606s] [ext: isaacsim.robot.manipulators-3.3.6] startup
[2.617s] [ext: isaacsim.sensors.physx-2.3.2] startup
[2.629s] [ext: isaacsim.app.about-2.0.11] startup
[2.638s] [ext: omni.kit.property.audio-1.0.16] startup
[2.644s] [ext: omni.kit.property.camera-1.0.10] startup
[2.648s] [ext: omni.kit.property.geometry-2.0.4] startup
[2.654s] [ext: omni.hydra.scene_api-0.1.2] startup
[2.659s] [ext: omni.kit.stagerecorder.core-107.0.3] startup
[2.668s] [ext: omni.kit.property.light-1.0.12] startup
[2.683s] [ext: omni.kit.property.material-1.11.9] startup
[2.720s] [ext: omni.kit.property.render-1.2.1] startup
[2.722s] [ext: omni.kit.property.transform-1.5.13] startup
[2.731s] [ext: omni.kit.stagerecorder.ui-107.0.1] startup
[2.739s] [ext: omni.anim.curve.core-1.3.1] startup
[2.761s] [ext: omni.kit.manipulator.camera-106.0.4] startup
[2.769s] [ext: isaacsim.gui.property-1.1.3] startup
[2.778s] [ext: omni.kit.property.bundle-1.4.1] startup
[2.783s] [ext: omni.kit.stagerecorder.bundle-105.0.2] startup
[2.784s] [ext: isaacsim.simulation_app-2.12.2] startup
[2.785s] [ext: isaacsim.sensors.physics-0.4.3] startup
[2.803s] [ext: omni.kit.viewport.menubar.lighting-107.3.1] startup
[2.819s] [ext: omni.kit.viewport.menubar.render-107.0.10] startup
[2.834s] [ext: omni.kit.window.console-1.1.4] startup
[2.852s] [ext: omni.kit.viewport.menubar.settings-107.0.3] startup
[2.904s] [ext: isaacsim.robot.policy.examples-4.1.11] startup
[2.909s] [ext: isaacsim.asset.importer.mjcf-2.5.13] startup
[2.921s] [ext: omni.physx.demos-107.3.26] startup
[3.188s] [ext: omni.kit.window.script_editor-2.0.1] startup
[3.209s] [ext: omni.kit.window.status_bar-0.1.9] startup
[3.212s] [ext: omni.kit.property.physx-107.3.26] startup
[3.233s] [ext: omni.physx.cct-107.3.26] startup
[3.245s] [ext: omni.physx.graph-107.3.26] startup
[3.270s] [ext: omni.kit.window.toolbar-2.0.0] startup
[3.278s] [ext: omni.physx.vehicle-107.3.26] startup
[3.307s] [ext: omni.asset_validator.core-1.1.6] startup
[3.368s] [ext: omni.ocio-0.1.1] startup
[3.371s] [ext: omni.rtx.window.settings-0.6.19] startup
[3.378s] [ext: omni.physx.supportui-107.3.26] startup
[3.394s] [ext: omni.physx.telemetry-107.3.26] startup
[3.398s] [ext: omni.physx.camera-107.3.26] startup
[3.408s] [ext: omni.physx.asset_validator-107.3.26] startup
[3.415s] [ext: isaacsim.robot.wheeled_robots-4.0.24] startup
[3.426s] [ext: omni.rtx.settings.core-0.6.5] startup
[3.432s] [ext: omni.usd.metrics.assembler.ui-107.3.1] startup
[3.445s] [ext: omni.physx.bundle-107.3.26] startup
[3.446s] [ext: isaaclab-0.54.2] startup
[3.629s] [ext: isaaclab_contrib-0.0.2] startup
[3.630s] [ext: isaacsim.core.throttling-2.2.2] startup
[3.633s] [ext: omni.kit.ui.actions-1.0.5] startup
[3.635s] [ext: semantics.schema.property-2.0.1] startup
[3.637s] [ext: omni.replicator.replicator_yaml-2.0.11] startup
[3.654s] [ext: isaacsim.sensors.camera-1.3.6] startup
[3.661s] [ext: isaaclab_assets-0.2.4] startup
[3.932s] [ext: isaaclab_tasks-0.11.12] startup
[4.103s] [ext: omni.kit.menu.common-2.0.1] startup
[4.104s] [ext: isaaclab_rl-0.4.7] startup
[4.105s] [ext: isaaclab_mimic-1.0.16] startup
[4.106s] [ext: wheelleg_play_no_rtx-2.3.2] startup
[4.110s] Simulation App Starting
2026-10-04T06:32:36Z [4,250ms] [Warning] [omni.fabric.plugin] Warning: attribute overrideClipRange not found for bucket id 9

[4.389s] app ready
[INFO][AppLauncher]: Using device: cuda:0
[INFO][AppLauncher]: Loading experience file: E:\wheel_leg_rl-main\wheelleg_dreamwaq\apps\wheelleg_play_no_rtx.kit

[36m======================================================================================================================[0m
[36m[1m[INFO][IsaacLab]: Logging to file: C:\Users\CHANGB~1\AppData\Local\Temp\isaaclab\logs\isaaclab_2026-10-04_14-32-40.log[0m
[36m======================================================================================================================[0m

[33m14:32:40 [simulation_context.py] WARNING: The `enable_external_forces_every_iteration` parameter in the PhysxCfg is set to False. If you are experiencing noisy velocities, consider enabling this flag. You may need to slightly increase the number of velocity iterations (setting it to 1 or 2 rather than 0), together with this flag, to improve the accuracy of velocity updates.[0m
[INFO]: Base environment:
	Environment device    : cuda:0
	Environment seed      : 42
	Physics step-size     : 0.01
	Rendering step-size   : 0.02
	Environment step-size : 0.02
[INFO]: Time taken for scene creation : 0.210989 seconds
[INFO]: Scene manager:  <class InteractiveScene>
	Number of environments: 1
	Environment spacing   : 1.5
	Source prim name      : /World/envs/env_0
	Global prim paths     : []
	Replicate physics     : True
[INFO]: Starting the simulation. This may take a few seconds. Please wait...
[INFO]: Time taken for simulation start : 1.257339 seconds
Creating window for environment.
ManagerLiveVisualizer cannot be created for manager: action_manager, Manager does not exist
ManagerLiveVisualizer cannot be created for manager: observation_manager, Manager does not exist
[INFO]: Completed setting up the environment...
--------------------------------------------------------------------------------
Resolved observation sets: 
	 policy :  ['policy']
	 critic :  ['critic']
--------------------------------------------------------------------------------
Actor MLP: MLP(
  (0): Linear(in_features=25, out_features=256, bias=True)
  (1): ELU(alpha=1.0)
  (2): Linear(in_features=256, out_features=128, bias=True)
  (3): ELU(alpha=1.0)
  (4): Linear(in_features=128, out_features=64, bias=True)
  (5): ELU(alpha=1.0)
  (6): Linear(in_features=64, out_features=6, bias=True)
)
Critic MLP: MLP(
  (0): Linear(in_features=41, out_features=256, bias=True)
  (1): ELU(alpha=1.0)
  (2): Linear(in_features=256, out_features=128, bias=True)
  (3): ELU(alpha=1.0)
  (4): Linear(in_features=128, out_features=64, bias=True)
  (5): ELU(alpha=1.0)
  (6): Linear(in_features=64, out_features=1, bias=True)
)
[INFO] Keyboard: W/S forward/back, A/D yaw, Q/E height, Space stop, R reset, Esc exit. Click the viewport first.
[7.861s] Simulation App Startup Complete
[8.042s] [ext: omni.physx.fabric-107.3.26] startup
